// Jest Snapshot v1, https://goo.gl/fbAQLP

exports[`location search box should render 1`] = `"<div class=\\"input-field\\"><i class=\\"material-icons prefix\\">location_on</i><input id=\\"searchInput\\" class=\\"validate truncate\\" required=\\"\\" type=\\"text\\" autocomplete=\\"off\\" placeholder=\\"City,airport,location... etc.\\"></div>"`;
